2025-04-15 07:34:35.181 [ORDER:cd62aa82-1ea7-41e4-8b38-3da3ea8c1fb6] STATUS CHANGE - ID: cd62aa82-1ea7-41e4-8b38-3da3ea8c1fb6, Old: SCHEDULED, New: ANALYZING
2025-04-15 07:34:35.182 [ORDER:cd62aa82-1ea7-41e4-8b38-3da3ea8c1fb6] STATUS CHANGE - ID: cd62aa82-1ea7-41e4-8b38-3da3ea8c1fb6, Old: SCHEDULED, New: ANALYZING
2025-04-15 07:34:35.191 [ORDER:a35ecf3a-1549-425b-8ece-46aa05c45675] BEST OPTIONS - ID: a35ecf3a-1549-425b-8ece-46aa05c45675, Call: NIFTY2543023250CE (Price: 255.55), Put: NIFTY2543022500PE (Price: 245.6), Combined Premium: 501.15
2025-04-15 07:34:35.191 [ORDER:a35ecf3a-1549-425b-8ece-46aa05c45675] 
====== SELECTED OPTIONS DETAILS ======
----- CALL OPTION DETAILS -----
Symbol: NIFTY2543023250CE
Exchange: NFO
Instrument ID: NFO:NIFTY2543023250CE
Strike Price: 23250.0
Option Type: CALL
Underlying: NIFTY
Price: 255.55
Lot Size: 75

----- PUT OPTION DETAILS -----
Symbol: NIFTY2543022500PE
Exchange: NFO
Instrument ID: NFO:NIFTY2543022500PE
Strike Price: 22500.0
Option Type: PUT
Underlying: NIFTY
Price: 245.6
Lot Size: 75

----- COMBINED VALUES -----
Combined Premium: 501.15
======================================

2025-04-15 07:34:35.259 [ORDER:a35ecf3a-1549-425b-8ece-46aa05c45675] STATUS CHANGE - ID: a35ecf3a-1549-425b-8ece-46aa05c45675, Old: SCHEDULED, New: ANALYZING
2025-04-15 07:34:35.259 [ORDER:a35ecf3a-1549-425b-8ece-46aa05c45675] STATUS CHANGE - ID: a35ecf3a-1549-425b-8ece-46aa05c45675, Old: SCHEDULED, New: ANALYZING
2025-04-15 07:34:37.493 [ORDER:a35ecf3a-1549-425b-8ece-46aa05c45675] BEST OPTIONS - ID: a35ecf3a-1549-425b-8ece-46aa05c45675, Call: NIFTY25APR23100CE (Price: 247.25), Put: NIFTY2543022500PE (Price: 245.6), Combined Premium: 492.85
2025-04-15 07:34:37.493 [ORDER:a35ecf3a-1549-425b-8ece-46aa05c45675] 
====== SELECTED OPTIONS DETAILS ======
----- CALL OPTION DETAILS -----
Symbol: NIFTY25APR23100CE
Exchange: NFO
Instrument ID: NFO:NIFTY25APR23100CE
Strike Price: 23100.0
Option Type: CALL
Underlying: NIFTY
Price: 247.25
Lot Size: 75

----- PUT OPTION DETAILS -----
Symbol: NIFTY2543022500PE
Exchange: NFO
Instrument ID: NFO:NIFTY2543022500PE
Strike Price: 22500.0
Option Type: PUT
Underlying: NIFTY
Price: 245.6
Lot Size: 75

----- COMBINED VALUES -----
Combined Premium: 492.85
======================================

2025-04-15 07:34:50.001 [ORDER:a35ecf3a-1549-425b-8ece-46aa05c45675] STATUS CHANGE - ID: a35ecf3a-1549-425b-8ece-46aa05c45675, Old: ANALYZING, New: MONITORING
2025-04-15 07:34:50.001 [ORDER:cd62aa82-1ea7-41e4-8b38-3da3ea8c1fb6] STATUS CHANGE - ID: cd62aa82-1ea7-41e4-8b38-3da3ea8c1fb6, Old: ANALYZING, New: FAILED
2025-04-15 07:34:50.001 [ORDER:a35ecf3a-1549-425b-8ece-46aa05c45675] STATUS CHANGE - ID: a35ecf3a-1549-425b-8ece-46aa05c45675, Old: ANALYZING, New: MONITORING
2025-04-15 07:34:50.001 [ORDER:cd62aa82-1ea7-41e4-8b38-3da3ea8c1fb6] STATUS CHANGE - ID: cd62aa82-1ea7-41e4-8b38-3da3ea8c1fb6, Old: ANALYZING, New: FAILED
2025-04-15 07:34:50.002 [ORDER:cd62aa82-1ea7-41e4-8b38-3da3ea8c1fb6] CLEANED UP - Removed pre-filtered instruments cache
2025-04-15 07:34:50.002 [ORDER:cd62aa82-1ea7-41e4-8b38-3da3ea8c1fb6] CLEANED UP - Removed pre-filtered instruments cache

==== COMPLETE ORDER LIFECYCLE HISTORY FOR cd62aa82-1ea7-41e4-8b38-3da3ea8c1fb6 ====
Order created: 2025-04-15 07:31:57.802
Scheduled execution: 2025-04-15 07:35:00.000
Index: NIFTY
Type: BUY
Lots: 1
Detailed parameters logged to file.
Status changed at: 2025-04-15 07:34:35.181
  From: SCHEDULED
  To: ANALYZING
Status changed at: 2025-04-15 07:34:35.182
  From: SCHEDULED
  To: ANALYZING
Status changed at: 2025-04-15 07:34:50.001
  From: ANALYZING
  To: FAILED
Status changed at: 2025-04-15 07:34:50.002
  From: ANALYZING
  To: FAILED
Order cleaned up: Removed pre-filtered instruments cache

==== END OF LIFECYCLE FOR cd62aa82-1ea7-41e4-8b38-3da3ea8c1fb6 ====

2025-04-15 07:35:00.558 [ORDER:a35ecf3a-1549-425b-8ece-46aa05c45675] STATUS CHANGE - ID: a35ecf3a-1549-425b-8ece-46aa05c45675, Old: MONITORING, New: FAILED
2025-04-15 07:35:00.559 [ORDER:a35ecf3a-1549-425b-8ece-46aa05c45675] CLEANED UP - Removed pre-filtered instruments cache
2025-04-15 07:35:00.559 [ORDER:a35ecf3a-1549-425b-8ece-46aa05c45675] STATUS CHANGE - ID: a35ecf3a-1549-425b-8ece-46aa05c45675, Old: MONITORING, New: FAILED
2025-04-15 07:35:00.559 [ORDER:a35ecf3a-1549-425b-8ece-46aa05c45675] CLEANED UP - Removed pre-filtered instruments cache

==== COMPLETE ORDER LIFECYCLE HISTORY FOR a35ecf3a-1549-425b-8ece-46aa05c45675 ====
Order created: 2025-04-15 07:31:16.095
Scheduled execution: 2025-04-15 07:35:00.000
Index: NIFTY
Type: SELL
Lots: 2
Detailed parameters logged to file.
Best options selected: Call: NIFTY2543023250CE Put: NIFTY2543022500PEStatus changed at: 2025-04-15 07:34:35.259
  From: SCHEDULED
  To: ANALYZING
Status changed at: 2025-04-15 07:34:35.259
  From: SCHEDULED
  To: ANALYZING
Best options selected: Call: NIFTY25APR23100CE Put: NIFTY2543022500PEStatus changed at: 2025-04-15 07:34:50.001
  From: ANALYZING
  To: MONITORING
Status changed at: 2025-04-15 07:34:50.001
  From: ANALYZING
  To: MONITORING
Status changed at: 2025-04-15 07:35:00.558
  From: MONITORING
  To: FAILED
Status changed at: 2025-04-15 07:35:00.559
  From: MONITORING
  To: FAILED
Order cleaned up: Removed pre-filtered instruments cache

==== END OF LIFECYCLE FOR a35ecf3a-1549-425b-8ece-46aa05c45675 ====

OrderLoggerService shutdown at 2025-04-15 07:35:15.776

==== ORDER LOGGER INITIALIZED: 2025-04-15 07:46:53 ====
Order logger initialized successfully
2025-04-15 07:47:33.386 [ORDER:f38551ff-d406-4eff-a9d2-558107e3a614] ORDER CREATED - ID: f38551ff-d406-4eff-a9d2-558107e3a614, Index: SENSEX, Type: SELL, Lots: 2, Execution Time: 2025-04-15 07:49:00.000
2025-04-15 07:47:33.389 [ORDER:f38551ff-d406-4eff-a9d2-558107e3a614] 
====== ORDER PARAMETERS DETAILS ======
Order ID: f38551ff-d406-4eff-a9d2-558107e3a614
Created at: 2025-04-15 07:47:33.382
Index Symbol: SENSEX
Order Type: SELL
Order Direction: SHORT
Quantity (Lots): 2
Execution Time: 2025-04-15 07:49:00.000
Expiry Date: 2025-04-15
Target Premium: 200

----- Risk Management Parameters -----
Stop Loss Enabled: false

----- Strategy Specifications -----
Hedging Enabled: true
Hedge Point Difference: 1000
Threshold: 5.0%
======================================

2025-04-15 07:47:33.406 [ORDER:f38551ff-d406-4eff-a9d2-558107e3a614] PRE-FILTERED INSTRUMENTS - Cached 350 instruments for efficient option selection
2025-04-15 07:47:33.409 [ORDER:f38551ff-d406-4eff-a9d2-558107e3a614] ORDER CREATED - ID: f38551ff-d406-4eff-a9d2-558107e3a614, Index: SENSEX, Type: SELL, Lots: 2, Execution Time: 2025-04-15 07:49:00.000
2025-04-15 07:47:33.409 [ORDER:f38551ff-d406-4eff-a9d2-558107e3a614] 
====== ORDER PARAMETERS DETAILS ======
Order ID: f38551ff-d406-4eff-a9d2-558107e3a614
Created at: 2025-04-15 07:47:33.382
Index Symbol: SENSEX
Order Type: SELL
Order Direction: SHORT
Quantity (Lots): 2
Execution Time: 2025-04-15 07:49:00.000
Expiry Date: 2025-04-15
Target Premium: 200

----- Risk Management Parameters -----
Stop Loss Enabled: false

----- Strategy Specifications -----
Hedging Enabled: true
Hedge Point Difference: 1000
Threshold: 5.0%
======================================

2025-04-15 07:48:35.141 [ORDER:f38551ff-d406-4eff-a9d2-558107e3a614] STATUS CHANGE - ID: f38551ff-d406-4eff-a9d2-558107e3a614, Old: SCHEDULED, New: ANALYZING
2025-04-15 07:48:35.143 [ORDER:f38551ff-d406-4eff-a9d2-558107e3a614] STATUS CHANGE - ID: f38551ff-d406-4eff-a9d2-558107e3a614, Old: SCHEDULED, New: ANALYZING
2025-04-15 07:48:35.150 [ORDER:f38551ff-d406-4eff-a9d2-558107e3a614] BEST OPTIONS - ID: f38551ff-d406-4eff-a9d2-558107e3a614, Call: SENSEX2541576500CE (Price: 191.25), Put: SENSEX2541573600PE (Price: 194.65), Combined Premium: 385.90
2025-04-15 07:48:35.150 [ORDER:f38551ff-d406-4eff-a9d2-558107e3a614] 
====== SELECTED OPTIONS DETAILS ======
----- CALL OPTION DETAILS -----
Symbol: SENSEX2541576500CE
Exchange: BFO
Instrument ID: BFO:SENSEX2541576500CE
Strike Price: 76500.0
Option Type: CALL
Underlying: SENSEX
Price: 191.25
Lot Size: 20

----- PUT OPTION DETAILS -----
Symbol: SENSEX2541573600PE
Exchange: BFO
Instrument ID: BFO:SENSEX2541573600PE
Strike Price: 73600.0
Option Type: PUT
Underlying: SENSEX
Price: 194.65
Lot Size: 20

----- COMBINED VALUES -----
Combined Premium: 385.90
======================================

2025-04-15 07:48:50.896 [ORDER:f38551ff-d406-4eff-a9d2-558107e3a614] STATUS CHANGE - ID: f38551ff-d406-4eff-a9d2-558107e3a614, Old: ANALYZING, New: MONITORING
2025-04-15 07:48:50.896 [ORDER:f38551ff-d406-4eff-a9d2-558107e3a614] STATUS CHANGE - ID: f38551ff-d406-4eff-a9d2-558107e3a614, Old: ANALYZING, New: MONITORING
2025-04-15 07:48:50.896 [ORDER:f38551ff-d406-4eff-a9d2-558107e3a614] HEDGE ORDERS PLACED - ID: f38551ff-d406-4eff-a9d2-558107e3a614, Call Hedge: SENSEX2541576500CE, Put Hedge: SENSEX2541573600PE, Options ready for execution
2025-04-15 07:48:50.896 [ORDER:f38551ff-d406-4eff-a9d2-558107e3a614] 
====== HEDGE ORDERS DETAILS ======
----- CALL HEDGE DETAILS -----
Symbol: SENSEX2541576500CE
Strike Price: 76500.0
Price: 191.25
Quantity: 20

----- PUT HEDGE DETAILS -----
Symbol: SENSEX2541573600PE
Strike Price: 73600.0
Price: 194.65
Quantity: 20
======================================

2025-04-15 07:49:00.263 [ORDER:f38551ff-d406-4eff-a9d2-558107e3a614] STATUS CHANGE - ID: f38551ff-d406-4eff-a9d2-558107e3a614, Old: MONITORING, New: FAILED
2025-04-15 07:49:00.263 [ORDER:f38551ff-d406-4eff-a9d2-558107e3a614] STATUS CHANGE - ID: f38551ff-d406-4eff-a9d2-558107e3a614, Old: MONITORING, New: FAILED
2025-04-15 07:49:00.263 [ORDER:f38551ff-d406-4eff-a9d2-558107e3a614] CLEANED UP - Removed pre-filtered instruments cache
2025-04-15 07:49:00.263 [ORDER:f38551ff-d406-4eff-a9d2-558107e3a614] CLEANED UP - Removed pre-filtered instruments cache

==== COMPLETE ORDER LIFECYCLE HISTORY FOR f38551ff-d406-4eff-a9d2-558107e3a614 ====
Order created: 2025-04-15 07:47:33.409
Scheduled execution: 2025-04-15 07:49:00.000
Index: SENSEX
Type: SELL
Lots: 2
Detailed parameters logged to file.
Status changed at: 2025-04-15 07:48:35.141
  From: SCHEDULED
  To: ANALYZING
Status changed at: 2025-04-15 07:48:35.143
  From: SCHEDULED
  To: ANALYZING
Best options selected: Call: SENSEX2541576500CE Put: SENSEX2541573600PEStatus changed at: 2025-04-15 07:48:50.896
  From: ANALYZING
  To: MONITORING
Status changed at: 2025-04-15 07:48:50.896
  From: ANALYZING
  To: MONITORING
Hedge orders placed at: 2025-04-15 07:48:50.897
  Call Hedge: SENSEX2541576500CE @ 191.25
  Put Hedge: SENSEX2541573600PE @ 194.65
Order ready for main execution
Status changed at: 2025-04-15 07:49:00.263
  From: MONITORING
  To: FAILED
Status changed at: 2025-04-15 07:49:00.263
  From: MONITORING
  To: FAILED
Order cleaned up: Removed pre-filtered instruments cache

==== END OF LIFECYCLE FOR f38551ff-d406-4eff-a9d2-558107e3a614 ====

